[0.193s] DEBUG:colcon:Command line arguments: ['/usr/bin/colcon', 'build', '--symlink-install', '--packages-select', 'k9_bt_pkg']
[0.193s] DEBUG:colcon:Parsed command line arguments: Namespace(log_base=None, log_level=None, verb_name='build', build_base='build', install_base='install', merge_install=False, symlink_install=True, test_result_base=None, continue_on_error=False, executor='parallel', parallel_workers=8, event_handlers=None, ignore_user_meta=False, metas=['./colcon.meta'], base_paths=['.'], packages_ignore=None, packages_ignore_regex=None, paths=None, packages_up_to=None, packages_up_to_regex=None, packages_above=None, packages_above_and_dependencies=None, packages_above_depth=None, packages_select_by_dep=None, packages_skip_by_dep=None, packages_skip_up_to=None, packages_select_build_failed=False, packages_skip_build_finished=False, packages_select_test_failures=False, packages_skip_test_passed=False, packages_select=['k9_bt_pkg'], packages_skip=None, packages_select_regex=None, packages_skip_regex=None, packages_start=None, packages_end=None, allow_overriding=[], cmake_args=None, cmake_target=None, cmake_target_skip_unavailable=False, cmake_clean_cache=False, cmake_clean_first=False, cmake_force_configure=False, ament_cmake_args=None, catkin_cmake_args=None, catkin_skip_building_tests=False, mixin_files=None, mixin=None, verb_parser=<colcon_mixin.mixin.mixin_argument.MixinArgumentDecorator object at 0xffff8d1fbef0>, verb_extension=<colcon_core.verb.build.BuildVerb object at 0xffff8d199e80>, main=<bound method BuildVerb.main of <colcon_core.verb.build.BuildVerb object at 0xffff8d199e80>>, mixin_verb=('build',))
[0.259s] Level 1:colcon.colcon_core.package_discovery:discover_packages(colcon_meta) check parameters
[0.259s] Level 1:colcon.colcon_core.package_discovery:discover_packages(recursive) check parameters
[0.259s] Level 1:colcon.colcon_core.package_discovery:discover_packages(ignore) check parameters
[0.259s] Level 1:colcon.colcon_core.package_discovery:discover_packages(path) check parameters
[0.259s] Level 1:colcon.colcon_core.package_discovery:discover_packages(colcon_meta) discover
[0.259s] Level 1:colcon.colcon_core.package_discovery:discover_packages(recursive) discover
[0.259s] INFO:colcon.colcon_core.package_discovery:Crawling recursively for packages in '/home/hopkira/k9_ws/src/k9_bt_pkg'
[0.260s] Level 1:colcon.colcon_core.package_identification:_identify(.) by extensions ['ignore', 'ignore_ament_install']
[0.260s] Level 1:colcon.colcon_core.package_identification:_identify(.) by extension 'ignore'
[0.260s] Level 1:colcon.colcon_core.package_identification:_identify(.) by extension 'ignore_ament_install'
[0.260s] Level 1:colcon.colcon_core.package_identification:_identify(.) by extensions ['colcon_pkg']
[0.260s] Level 1:colcon.colcon_core.package_identification:_identify(.) by extension 'colcon_pkg'
[0.260s] Level 1:colcon.colcon_core.package_identification:_identify(.) by extensions ['colcon_meta']
[0.260s] Level 1:colcon.colcon_core.package_identification:_identify(.) by extension 'colcon_meta'
[0.260s] Level 1:colcon.colcon_core.package_identification:_identify(.) by extensions ['ros']
[0.260s] Level 1:colcon.colcon_core.package_identification:_identify(.) by extension 'ros'
[0.307s] DEBUG:colcon.colcon_core.package_identification:Package '.' with type 'ros.ament_python' and name 'k9_bt_pkg'
[0.307s] Level 1:colcon.colcon_core.package_discovery:discover_packages(recursive) using defaults
[0.307s] Level 1:colcon.colcon_core.package_discovery:discover_packages(ignore) discover
[0.307s] Level 1:colcon.colcon_core.package_discovery:discover_packages(ignore) using defaults
[0.307s] Level 1:colcon.colcon_core.package_discovery:discover_packages(path) discover
[0.308s] Level 1:colcon.colcon_core.package_discovery:discover_packages(path) using defaults
[0.337s] Level 1:colcon.colcon_core.package_discovery:discover_packages(prefix_path) check parameters
[0.337s] Level 1:colcon.colcon_core.package_discovery:discover_packages(prefix_path) discover
[0.341s] DEBUG:colcon.colcon_installed_package_information.package_discovery:Found 12 installed packages in /home/hopkira/k9_ws/install
[0.343s] DEBUG:colcon.colcon_installed_package_information.package_discovery:Found 345 installed packages in /opt/ros/jazzy
[0.346s] Level 1:colcon.colcon_core.package_discovery:discover_packages(prefix_path) using defaults
[0.428s] Level 5:colcon.colcon_core.verb:set package 'k9_bt_pkg' build argument 'cmake_args' from command line to 'None'
[0.428s] Level 5:colcon.colcon_core.verb:set package 'k9_bt_pkg' build argument 'cmake_target' from command line to 'None'
[0.428s] Level 5:colcon.colcon_core.verb:set package 'k9_bt_pkg' build argument 'cmake_target_skip_unavailable' from command line to 'False'
[0.428s] Level 5:colcon.colcon_core.verb:set package 'k9_bt_pkg' build argument 'cmake_clean_cache' from command line to 'False'
[0.428s] Level 5:colcon.colcon_core.verb:set package 'k9_bt_pkg' build argument 'cmake_clean_first' from command line to 'False'
[0.428s] Level 5:colcon.colcon_core.verb:set package 'k9_bt_pkg' build argument 'cmake_force_configure' from command line to 'False'
[0.428s] Level 5:colcon.colcon_core.verb:set package 'k9_bt_pkg' build argument 'ament_cmake_args' from command line to 'None'
[0.428s] Level 5:colcon.colcon_core.verb:set package 'k9_bt_pkg' build argument 'catkin_cmake_args' from command line to 'None'
[0.428s] Level 5:colcon.colcon_core.verb:set package 'k9_bt_pkg' build argument 'catkin_skip_building_tests' from command line to 'False'
[0.428s] DEBUG:colcon.colcon_core.verb:Building package 'k9_bt_pkg' with the following arguments: {'ament_cmake_args': None, 'build_base': '/home/hopkira/k9_ws/src/k9_bt_pkg/build/k9_bt_pkg', 'catkin_cmake_args': None, 'catkin_skip_building_tests': False, 'cmake_args': None, 'cmake_clean_cache': False, 'cmake_clean_first': False, 'cmake_force_configure': False, 'cmake_target': None, 'cmake_target_skip_unavailable': False, 'install_base': '/home/hopkira/k9_ws/src/k9_bt_pkg/install/k9_bt_pkg', 'merge_install': False, 'path': '/home/hopkira/k9_ws/src/k9_bt_pkg', 'symlink_install': True, 'test_result_base': None}
[0.429s] INFO:colcon.colcon_core.executor:Executing jobs using 'parallel' executor
[0.431s] DEBUG:colcon.colcon_parallel_executor.executor.parallel:run_until_complete
[0.431s] INFO:colcon.colcon_ros.task.ament_python.build:Building ROS package in '/home/hopkira/k9_ws/src/k9_bt_pkg' with build type 'ament_python'
[0.431s] Level 1:colcon.colcon_core.shell:create_environment_hook('k9_bt_pkg', 'ament_prefix_path')
[0.435s] INFO:colcon.colcon_core.plugin_system:Skipping extension 'colcon_core.shell.bat': Not used on non-Windows systems
[0.435s] INFO:colcon.colcon_core.shell:Creating environment hook '/home/hopkira/k9_ws/src/k9_bt_pkg/install/k9_bt_pkg/share/k9_bt_pkg/hook/ament_prefix_path.ps1'
[0.436s] INFO:colcon.colcon_core.shell:Creating environment descriptor '/home/hopkira/k9_ws/src/k9_bt_pkg/install/k9_bt_pkg/share/k9_bt_pkg/hook/ament_prefix_path.dsv'
[0.437s] INFO:colcon.colcon_core.shell:Creating environment hook '/home/hopkira/k9_ws/src/k9_bt_pkg/install/k9_bt_pkg/share/k9_bt_pkg/hook/ament_prefix_path.sh'
[0.438s] INFO:colcon.colcon_core.shell:Skip shell extension 'powershell' for command environment: Not usable outside of PowerShell
[0.438s] DEBUG:colcon.colcon_core.shell:Skip shell extension 'dsv' for command environment
[0.869s] INFO:colcon.colcon_core.task.python.build:Building Python package in '/home/hopkira/k9_ws/src/k9_bt_pkg'
[0.869s] INFO:colcon.colcon_core.shell:Skip shell extension 'powershell' for command environment: Not usable outside of PowerShell
[0.869s] DEBUG:colcon.colcon_core.shell:Skip shell extension 'dsv' for command environment
[2.132s] DEBUG:colcon.colcon_core.task.python.build:Available setuptools commands: install_egg_info, install_data, init_catalog, setopt, upload_docs, test, bdist, bdist_rpm, dist_info, build_ext, build_py, editable_wheel, rotate, develop, easy_install, install, bdist_egg, alias, bdist_dumb, saveopts, build_clib, build_scripts, sdist, install_lib, check, build, symlink_data, install_headers, upload, extract_messages, bdist_wheel, register, egg_info, update_catalog, install_scripts, clean, compile_catalog
[2.865s] DEBUG:colcon.colcon_core.task.python.build:Available setuptools 'develop' options: --zip-ok, --script-dir, --multi-version, --help, --editable, --build-directory, --install-layout, --upgrade, --optimize, --find-links, --no-find-links, --prefix, --no-user-cfg, --quiet, --always-copy, --no-deps, --user, --record, --egg-path, --force-installation-into-system-dir, --install-dir, --verbose, --allow-hosts, --exclude-scripts, --dry-run, --local-snapshots-ok, --uninstall, --always-unzip, --version, --site-dirs, --index-url
[2.871s] DEBUG:colcon.colcon_core.event_handler.log_command:Invoking command in '/home/hopkira/k9_ws/src/k9_bt_pkg/build/k9_bt_pkg': DEBUGINFOD_URLS=https://debuginfod.ubuntu.com PS1=(k9_venv) \[\e]0;\u@\h: \w\a\]${debian_chroot:+($debian_chroot)}\[\033[01;32m\]\u@\h\[\033[00m\]:\[\033[01;34m\]\w\[\033[00m\]\$ PYTHONPATH=/home/hopkira/k9_ws/src/k9_bt_pkg/build/k9_bt_pkg/prefix_override:/usr/lib/python3/dist-packages/colcon_core/task/python/colcon_distutils_commands:/home/hopkira/k9_ws/src/k9_bt_pkg/install/k9_bt_pkg/lib/python3.12/site-packages:${PYTHONPATH} VIRTUAL_ENV_PROMPT=(k9_venv) /usr/bin/python3 -W ignore:setup.py install is deprecated -W ignore:easy_install command is deprecated setup.py develop --editable --build-directory /home/hopkira/k9_ws/src/k9_bt_pkg/build/k9_bt_pkg/build --no-deps symlink_data
[4.230s] Level 1:colcon.colcon_core.shell:create_environment_hook('k9_bt_pkg', 'pythonpath_develop')
[4.230s] INFO:colcon.colcon_core.shell:Creating environment hook '/home/hopkira/k9_ws/src/k9_bt_pkg/build/k9_bt_pkg/share/k9_bt_pkg/hook/pythonpath_develop.ps1'
[4.231s] DEBUG:colcon.colcon_core.event_handler.log_command:Invoked command in '/home/hopkira/k9_ws/src/k9_bt_pkg/build/k9_bt_pkg' returned '0': DEBUGINFOD_URLS=https://debuginfod.ubuntu.com PS1=(k9_venv) \[\e]0;\u@\h: \w\a\]${debian_chroot:+($debian_chroot)}\[\033[01;32m\]\u@\h\[\033[00m\]:\[\033[01;34m\]\w\[\033[00m\]\$ PYTHONPATH=/home/hopkira/k9_ws/src/k9_bt_pkg/build/k9_bt_pkg/prefix_override:/usr/lib/python3/dist-packages/colcon_core/task/python/colcon_distutils_commands:/home/hopkira/k9_ws/src/k9_bt_pkg/install/k9_bt_pkg/lib/python3.12/site-packages:${PYTHONPATH} VIRTUAL_ENV_PROMPT=(k9_venv) /usr/bin/python3 -W ignore:setup.py install is deprecated -W ignore:easy_install command is deprecated setup.py develop --editable --build-directory /home/hopkira/k9_ws/src/k9_bt_pkg/build/k9_bt_pkg/build --no-deps symlink_data
[4.233s] INFO:colcon.colcon_core.shell:Creating environment descriptor '/home/hopkira/k9_ws/src/k9_bt_pkg/build/k9_bt_pkg/share/k9_bt_pkg/hook/pythonpath_develop.dsv'
[4.233s] INFO:colcon.colcon_core.shell:Creating environment hook '/home/hopkira/k9_ws/src/k9_bt_pkg/build/k9_bt_pkg/share/k9_bt_pkg/hook/pythonpath_develop.sh'
[4.240s] Level 1:colcon.colcon_core.environment:checking '/home/hopkira/k9_ws/src/k9_bt_pkg/install/k9_bt_pkg' for CMake module files
[4.241s] Level 1:colcon.colcon_core.environment:checking '/home/hopkira/k9_ws/src/k9_bt_pkg/install/k9_bt_pkg' for CMake config files
[4.243s] Level 1:colcon.colcon_core.environment:checking '/home/hopkira/k9_ws/src/k9_bt_pkg/install/k9_bt_pkg/lib'
[4.243s] Level 1:colcon.colcon_core.environment:checking '/home/hopkira/k9_ws/src/k9_bt_pkg/install/k9_bt_pkg/bin'
[4.244s] Level 1:colcon.colcon_core.environment:checking '/home/hopkira/k9_ws/src/k9_bt_pkg/install/k9_bt_pkg/lib/pkgconfig/k9_bt_pkg.pc'
[4.245s] Level 1:colcon.colcon_core.environment:checking '/home/hopkira/k9_ws/src/k9_bt_pkg/install/k9_bt_pkg/lib/python3.12/site-packages'
[4.245s] Level 1:colcon.colcon_core.shell:create_environment_hook('k9_bt_pkg', 'pythonpath')
[4.246s] INFO:colcon.colcon_core.shell:Creating environment hook '/home/hopkira/k9_ws/src/k9_bt_pkg/install/k9_bt_pkg/share/k9_bt_pkg/hook/pythonpath.ps1'
[4.247s] INFO:colcon.colcon_core.shell:Creating environment descriptor '/home/hopkira/k9_ws/src/k9_bt_pkg/install/k9_bt_pkg/share/k9_bt_pkg/hook/pythonpath.dsv'
[4.249s] INFO:colcon.colcon_core.shell:Creating environment hook '/home/hopkira/k9_ws/src/k9_bt_pkg/install/k9_bt_pkg/share/k9_bt_pkg/hook/pythonpath.sh'
[4.251s] Level 1:colcon.colcon_core.environment:checking '/home/hopkira/k9_ws/src/k9_bt_pkg/install/k9_bt_pkg/bin'
[4.251s] Level 1:colcon.colcon_core.environment:create_environment_scripts_only(k9_bt_pkg)
[4.252s] INFO:colcon.colcon_core.shell:Creating package script '/home/hopkira/k9_ws/src/k9_bt_pkg/install/k9_bt_pkg/share/k9_bt_pkg/package.ps1'
[4.256s] INFO:colcon.colcon_core.shell:Creating package descriptor '/home/hopkira/k9_ws/src/k9_bt_pkg/install/k9_bt_pkg/share/k9_bt_pkg/package.dsv'
[4.258s] INFO:colcon.colcon_core.shell:Creating package script '/home/hopkira/k9_ws/src/k9_bt_pkg/install/k9_bt_pkg/share/k9_bt_pkg/package.sh'
[4.261s] INFO:colcon.colcon_core.shell:Creating package script '/home/hopkira/k9_ws/src/k9_bt_pkg/install/k9_bt_pkg/share/k9_bt_pkg/package.bash'
[4.263s] INFO:colcon.colcon_core.shell:Creating package script '/home/hopkira/k9_ws/src/k9_bt_pkg/install/k9_bt_pkg/share/k9_bt_pkg/package.zsh'
[4.265s] Level 1:colcon.colcon_core.environment:create_file_with_runtime_dependencies(/home/hopkira/k9_ws/src/k9_bt_pkg/install/k9_bt_pkg/share/colcon-core/packages/k9_bt_pkg)
[4.266s] DEBUG:colcon.colcon_parallel_executor.executor.parallel:closing loop
[4.268s] DEBUG:colcon.colcon_parallel_executor.executor.parallel:loop closed
[4.268s] DEBUG:colcon.colcon_parallel_executor.executor.parallel:run_until_complete finished with '0'
[4.269s] DEBUG:colcon.colcon_core.event_reactor:joining thread
[4.269s] DEBUG:colcon.colcon_core.event_reactor:joined thread
[4.270s] INFO:colcon.colcon_core.shell:Creating prefix script '/home/hopkira/k9_ws/src/k9_bt_pkg/install/local_setup.ps1'
[4.272s] INFO:colcon.colcon_core.shell:Creating prefix util module '/home/hopkira/k9_ws/src/k9_bt_pkg/install/_local_setup_util_ps1.py'
[4.276s] INFO:colcon.colcon_core.shell:Creating prefix chain script '/home/hopkira/k9_ws/src/k9_bt_pkg/install/setup.ps1'
[4.280s] INFO:colcon.colcon_core.shell:Creating prefix script '/home/hopkira/k9_ws/src/k9_bt_pkg/install/local_setup.sh'
[4.281s] INFO:colcon.colcon_core.shell:Creating prefix util module '/home/hopkira/k9_ws/src/k9_bt_pkg/install/_local_setup_util_sh.py'
[4.282s] INFO:colcon.colcon_core.shell:Creating prefix chain script '/home/hopkira/k9_ws/src/k9_bt_pkg/install/setup.sh'
[4.286s] INFO:colcon.colcon_core.shell:Creating prefix script '/home/hopkira/k9_ws/src/k9_bt_pkg/install/local_setup.bash'
[4.287s] INFO:colcon.colcon_core.shell:Creating prefix chain script '/home/hopkira/k9_ws/src/k9_bt_pkg/install/setup.bash'
[4.290s] INFO:colcon.colcon_core.shell:Creating prefix script '/home/hopkira/k9_ws/src/k9_bt_pkg/install/local_setup.zsh'
[4.291s] INFO:colcon.colcon_core.shell:Creating prefix chain script '/home/hopkira/k9_ws/src/k9_bt_pkg/install/setup.zsh'
