running develop
running egg_info
creating k9_bt_pkg.egg-info
writing k9_bt_pkg.egg-info/PKG-INFO
writing dependency_links to k9_bt_pkg.egg-info/dependency_links.txt
writing entry points to k9_bt_pkg.egg-info/entry_points.txt
writing requirements to k9_bt_pkg.egg-info/requires.txt
writing top-level names to k9_bt_pkg.egg-info/top_level.txt
writing manifest file 'k9_bt_pkg.egg-info/SOURCES.txt'
reading manifest file 'k9_bt_pkg.egg-info/SOURCES.txt'
writing manifest file 'k9_bt_pkg.egg-info/SOURCES.txt'
running build_ext
Creating /home/hopkira/k9_ws/src/k9_bt_pkg/install/k9_bt_pkg/lib/python3.12/site-packages/k9-bt-pkg.egg-link (link to .)
Installing k9_bt script to /home/hopkira/k9_ws/src/k9_bt_pkg/install/k9_bt_pkg/lib/k9_bt_pkg

Installed /home/hopkira/k9_ws/src/k9_bt_pkg/build/k9_bt_pkg
running symlink_data
creating /home/hopkira/k9_ws/src/k9_bt_pkg/install/k9_bt_pkg/share/ament_index
creating /home/hopkira/k9_ws/src/k9_bt_pkg/install/k9_bt_pkg/share/ament_index/resource_index
creating /home/hopkira/k9_ws/src/k9_bt_pkg/install/k9_bt_pkg/share/ament_index/resource_index/packages
symbolically linking /home/hopkira/k9_ws/src/k9_bt_pkg/build/k9_bt_pkg/resource/k9_bt_pkg -> /home/hopkira/k9_ws/src/k9_bt_pkg/install/k9_bt_pkg/share/ament_index/resource_index/packages
symbolically linking /home/hopkira/k9_ws/src/k9_bt_pkg/build/k9_bt_pkg/package.xml -> /home/hopkira/k9_ws/src/k9_bt_pkg/install/k9_bt_pkg/share/k9_bt_pkg
creating /home/hopkira/k9_ws/src/k9_bt_pkg/install/k9_bt_pkg/share/k9_bt_pkg/launch
symbolically linking /home/hopkira/k9_ws/src/k9_bt_pkg/build/k9_bt_pkg/launch/viewer.launch.py -> /home/hopkira/k9_ws/src/k9_bt_pkg/install/k9_bt_pkg/share/k9_bt_pkg/launch
