[2.439s] Invoking command in '/home/hopkira/k9_ws/src/k9_bt_pkg/build/k9_bt_pkg': DEBUGINFOD_URLS=https://debuginfod.ubuntu.com PS1=(k9_venv) \[\e]0;\u@\h: \w\a\]${debian_chroot:+($debian_chroot)}\[\033[01;32m\]\u@\h\[\033[00m\]:\[\033[01;34m\]\w\[\033[00m\]\$ PYTHONPATH=/home/hopkira/k9_ws/src/k9_bt_pkg/build/k9_bt_pkg/prefix_override:/usr/lib/python3/dist-packages/colcon_core/task/python/colcon_distutils_commands:/home/hopkira/k9_ws/src/k9_bt_pkg/install/k9_bt_pkg/lib/python3.12/site-packages:${PYTHONPATH} VIRTUAL_ENV_PROMPT=(k9_venv) /usr/bin/python3 -W ignore:setup.py install is deprecated -W ignore:easy_install command is deprecated setup.py develop --editable --build-directory /home/hopkira/k9_ws/src/k9_bt_pkg/build/k9_bt_pkg/build --no-deps symlink_data
[3.117s] running develop
[3.516s] running egg_info
[3.516s] creating k9_bt_pkg.egg-info
[3.557s] writing k9_bt_pkg.egg-info/PKG-INFO
[3.557s] writing dependency_links to k9_bt_pkg.egg-info/dependency_links.txt
[3.558s] writing entry points to k9_bt_pkg.egg-info/entry_points.txt
[3.558s] writing requirements to k9_bt_pkg.egg-info/requires.txt
[3.558s] writing top-level names to k9_bt_pkg.egg-info/top_level.txt
[3.559s] writing manifest file 'k9_bt_pkg.egg-info/SOURCES.txt'
[3.645s] reading manifest file 'k9_bt_pkg.egg-info/SOURCES.txt'
[3.646s] writing manifest file 'k9_bt_pkg.egg-info/SOURCES.txt'
[3.704s] running build_ext
[3.705s] Creating /home/hopkira/k9_ws/src/k9_bt_pkg/install/k9_bt_pkg/lib/python3.12/site-packages/k9-bt-pkg.egg-link (link to .)
[3.705s] Installing k9_bt script to /home/hopkira/k9_ws/src/k9_bt_pkg/install/k9_bt_pkg/lib/k9_bt_pkg
[3.706s] 
[3.706s] Installed /home/hopkira/k9_ws/src/k9_bt_pkg/build/k9_bt_pkg
[3.707s] running symlink_data
[3.707s] creating /home/hopkira/k9_ws/src/k9_bt_pkg/install/k9_bt_pkg/share/ament_index
[3.707s] creating /home/hopkira/k9_ws/src/k9_bt_pkg/install/k9_bt_pkg/share/ament_index/resource_index
[3.708s] creating /home/hopkira/k9_ws/src/k9_bt_pkg/install/k9_bt_pkg/share/ament_index/resource_index/packages
[3.708s] symbolically linking /home/hopkira/k9_ws/src/k9_bt_pkg/build/k9_bt_pkg/resource/k9_bt_pkg -> /home/hopkira/k9_ws/src/k9_bt_pkg/install/k9_bt_pkg/share/ament_index/resource_index/packages
[3.708s] symbolically linking /home/hopkira/k9_ws/src/k9_bt_pkg/build/k9_bt_pkg/package.xml -> /home/hopkira/k9_ws/src/k9_bt_pkg/install/k9_bt_pkg/share/k9_bt_pkg
[3.708s] creating /home/hopkira/k9_ws/src/k9_bt_pkg/install/k9_bt_pkg/share/k9_bt_pkg/launch
[3.709s] symbolically linking /home/hopkira/k9_ws/src/k9_bt_pkg/build/k9_bt_pkg/launch/viewer.launch.py -> /home/hopkira/k9_ws/src/k9_bt_pkg/install/k9_bt_pkg/share/k9_bt_pkg/launch
[3.799s] Invoked command in '/home/hopkira/k9_ws/src/k9_bt_pkg/build/k9_bt_pkg' returned '0': DEBUGINFOD_URLS=https://debuginfod.ubuntu.com PS1=(k9_venv) \[\e]0;\u@\h: \w\a\]${debian_chroot:+($debian_chroot)}\[\033[01;32m\]\u@\h\[\033[00m\]:\[\033[01;34m\]\w\[\033[00m\]\$ PYTHONPATH=/home/hopkira/k9_ws/src/k9_bt_pkg/build/k9_bt_pkg/prefix_override:/usr/lib/python3/dist-packages/colcon_core/task/python/colcon_distutils_commands:/home/hopkira/k9_ws/src/k9_bt_pkg/install/k9_bt_pkg/lib/python3.12/site-packages:${PYTHONPATH} VIRTUAL_ENV_PROMPT=(k9_venv) /usr/bin/python3 -W ignore:setup.py install is deprecated -W ignore:easy_install command is deprecated setup.py develop --editable --build-directory /home/hopkira/k9_ws/src/k9_bt_pkg/build/k9_bt_pkg/build --no-deps symlink_data
